[coderthemes.com/adminox/index.html]
[backblue.gif]
[fade.gif]
[index.html]
[coderthemes.com/adminox/assets/img/favicon.ico]
[coderthemes.com/adminox/assets/css/style.min.css]
[coderthemes.com/adminox/assets/css/bootstrap.min.css]
[coderthemes.com/adminox/index-2.html]
[coderthemes.com/adminox/assets/img/logo-dark.png]
[coderthemes.com/adminox/assets/img/demo/index.png]
[coderthemes.com/adminox/assets/img/logo/html5.png]
[coderthemes.com/adminox/assets/img/logo/css3.png]
[coderthemes.com/adminox/assets/img/logo/sass.png]
[coderthemes.com/adminox/assets/img/logo/gulp.png]
[coderthemes.com/adminox/assets/img/logo/yarn.png]
[coderthemes.com/adminox/layouts/index.html]
[coderthemes.com/adminox/assets/img/demo/dashboard-2.png]
[coderthemes.com/adminox/layouts/dashboard-2.html]
[coderthemes.com/adminox/assets/img/demo/horizontal.png]
[coderthemes.com/adminox/layouts/layouts-horizontal.html]
[coderthemes.com/adminox/assets/img/demo/dark.png]
[coderthemes.com/adminox/layouts/index-dark.html]
[coderthemes.com/adminox/assets/img/demo/rtl.png]
[coderthemes.com/adminox/layouts/index-rtl.html]
[coderthemes.com/adminox/assets/img/demo/rtl-dark.png]
[coderthemes.com/adminox/layouts/index-rtl-dark.html]
[coderthemes.com/adminox/assets/img/demo/horizontal-dark.png]
[coderthemes.com/adminox/layouts/layouts-horizontal-dark.html]
[coderthemes.com/adminox/assets/img/demo/landing.png]
[coderthemes.com/adminox/landing/index.html]
[coderthemes.com/adminox/assets/img/demo/layout/compact.png]
[coderthemes.com/adminox/layouts/layouts-compact.html]
[coderthemes.com/adminox/assets/img/demo/layout/hover.png]
[coderthemes.com/adminox/layouts/layouts-hover.html]
[coderthemes.com/adminox/assets/img/demo/layout/icon-view.png]
[coderthemes.com/adminox/layouts/layouts-icon-view.html]
[coderthemes.com/adminox/assets/img/demo/layout/full.png]
[coderthemes.com/adminox/layouts/layouts-full.html]
[coderthemes.com/adminox/assets/img/demo/layout/fullscreen.png]
[coderthemes.com/adminox/layouts/layouts-fullscreen.html]
[coderthemes.com/adminox/assets/img/demo/layout/boxed.png]
[coderthemes.com/adminox/layouts/layouts-boxed.html]
[coderthemes.com/adminox/assets/img/demo/layout/horizontal-boxed.png]
[coderthemes.com/adminox/layouts/layouts-horizontal-boxed.html]
[coderthemes.com/adminox/assets/img/bg/bg-27.png]
[coderthemes.com/adminox/index.html]
[coderthemes.com/adminox/assets/js/bootstrap.bundle.min.js]
[coderthemes.com/adminox/assets/css/bootstrap.min.css]
[coderthemes.com/adminox/assets/css/style.min.css]
[coderthemes.com/adminox/index-2.html]
[coderthemes.com/adminox/assets/img/logo/bootstrap.svg]
[coderthemes.com/adminox/layouts/assets/images/favicon.ico]
[coderthemes.com/adminox/layouts/assets/vendor/c3/c3.min.css]
[coderthemes.com/adminox/layouts/assets/css/vendor.min.css]
[coderthemes.com/adminox/layouts/assets/css/icons.min.css]
[coderthemes.com/adminox/layouts/assets/js/config.js]
[coderthemes.com/adminox/layouts/assets/images/logo-light.png]
[coderthemes.com/adminox/layouts/assets/images/logo-sm.png]
[coderthemes.com/adminox/layouts/assets/css/app.min.css]
[coderthemes.com/adminox/layouts/assets/images/logo-dark.png]
[coderthemes.com/adminox/layouts/apps-calendar.html]
[coderthemes.com/adminox/layouts/email-inbox.html]
[coderthemes.com/adminox/layouts/email-read.html]
[coderthemes.com/adminox/layouts/email-compose.html]
[coderthemes.com/adminox/layouts/tickets.html]
[coderthemes.com/adminox/layouts/taskboard.html]
[coderthemes.com/adminox/layouts/todo.html]
[coderthemes.com/adminox/layouts/auth-login.html]
[coderthemes.com/adminox/layouts/auth-register.html]
[coderthemes.com/adminox/layouts/auth-recoverpw.html]
[coderthemes.com/adminox/layouts/auth-lock-screen.html]
[coderthemes.com/adminox/layouts/auth-confirm-mail.html]
[coderthemes.com/adminox/layouts/pages-starter.html]
[coderthemes.com/adminox/layouts/pages-about.html]
[coderthemes.com/adminox/layouts/pages-contact.html]
[coderthemes.com/adminox/layouts/pages-companies.html]
[coderthemes.com/adminox/layouts/pages-members.html]
[coderthemes.com/adminox/layouts/pages-members-2.html]
[coderthemes.com/adminox/layouts/pages-invoice.html]
[coderthemes.com/adminox/layouts/pages-timeline.html]
[coderthemes.com/adminox/layouts/pages-pricing.html]
[coderthemes.com/adminox/layouts/pages-faq.html]
[coderthemes.com/adminox/layouts/pages-profile.html]
[coderthemes.com/adminox/layouts/pages-email-template.html]
[coderthemes.com/adminox/layouts/pages-search-result.html]
[coderthemes.com/adminox/layouts/pages-sitemap.html]
[coderthemes.com/adminox/layouts/pages-maintenance.html]
[coderthemes.com/adminox/layouts/pages-coming-soon.html]
[coderthemes.com/adminox/layouts/error-404-alt.html]
[coderthemes.com/adminox/layouts/error-404.html]
[coderthemes.com/adminox/layouts/error-500.html]
[coderthemes.com/adminox/layouts/ui-accordions.html]
[coderthemes.com/adminox/layouts/ui-alerts.html]
[coderthemes.com/adminox/layouts/ui-avatars.html]
[coderthemes.com/adminox/layouts/ui-badges.html]
[coderthemes.com/adminox/layouts/ui-breadcrumb.html]
[coderthemes.com/adminox/layouts/ui-cards.html]
[coderthemes.com/adminox/layouts/ui-buttons.html]
[coderthemes.com/adminox/layouts/ui-collapse.html]
[coderthemes.com/adminox/layouts/ui-carousel.html]
[coderthemes.com/adminox/layouts/ui-checkbox-radio.html]
[coderthemes.com/adminox/layouts/ui-dropdowns.html]
[coderthemes.com/adminox/layouts/ui-links.html]
[coderthemes.com/adminox/layouts/ui-grid.html]
[coderthemes.com/adminox/layouts/ui-list-group.html]
[coderthemes.com/adminox/layouts/ui-modals.html]
[coderthemes.com/adminox/layouts/ui-notifications.html]
[coderthemes.com/adminox/layouts/ui-offcanvas.html]
[coderthemes.com/adminox/layouts/ui-placeholders.html]
[coderthemes.com/adminox/layouts/ui-pagination.html]
[coderthemes.com/adminox/layouts/ui-popovers.html]
[coderthemes.com/adminox/layouts/ui-progress.html]
[coderthemes.com/adminox/layouts/ui-portlets.html]
[coderthemes.com/adminox/layouts/ui-ratios.html]
[coderthemes.com/adminox/layouts/ui-scrollspy.html]
[coderthemes.com/adminox/layouts/ui-spinners.html]
[coderthemes.com/adminox/layouts/ui-ribbons.html]
[coderthemes.com/adminox/layouts/ui-tabs.html]
[coderthemes.com/adminox/layouts/ui-tooltips.html]
[coderthemes.com/adminox/layouts/ui-typography.html]
[coderthemes.com/adminox/layouts/ui-utilities.html]
[coderthemes.com/adminox/layouts/extended-dragula.html]
[coderthemes.com/adminox/layouts/extended-sweetalerts.html]
[coderthemes.com/adminox/layouts/extended-tiles.html]
[coderthemes.com/adminox/layouts/extended-nestable.html]
[coderthemes.com/adminox/layouts/extended-filemanager.html]
[coderthemes.com/adminox/layouts/extended-range-sliders.html]
[coderthemes.com/adminox/layouts/extended-ratings.html]
[coderthemes.com/adminox/layouts/extended-lightbox.html]
[coderthemes.com/adminox/layouts/extended-slider.html]
[coderthemes.com/adminox/layouts/extended-scrollbar.html]
[coderthemes.com/adminox/layouts/extended-tost.html]
[coderthemes.com/adminox/layouts/extended-tour.html]
[coderthemes.com/adminox/layouts/extended-treeview.html]
[coderthemes.com/adminox/layouts/icons-materialdesign.html]
[coderthemes.com/adminox/layouts/icons-fontawesome.html]
[coderthemes.com/adminox/layouts/icons-simple-line.html]
[coderthemes.com/adminox/layouts/icons-tabler.html]
[coderthemes.com/adminox/layouts/icons-lucide.html]
[coderthemes.com/adminox/layouts/icons-iconify.html]
[coderthemes.com/adminox/layouts/charts-flot.html]
[coderthemes.com/adminox/layouts/charts-morris.html]
[coderthemes.com/adminox/layouts/charts-google.html]
[coderthemes.com/adminox/layouts/charts-echart.html]
[coderthemes.com/adminox/layouts/charts-chartjs.html]
[coderthemes.com/adminox/layouts/charts-peity.html]
[coderthemes.com/adminox/layouts/charts-chartist.html]
[coderthemes.com/adminox/layouts/charts-c3.html]
[coderthemes.com/adminox/layouts/charts-sparkline.html]
[coderthemes.com/adminox/layouts/charts-knob.html]
[coderthemes.com/adminox/layouts/form-elements.html]
[coderthemes.com/adminox/layouts/form-masks.html]
[coderthemes.com/adminox/layouts/form-advanced.html]
[coderthemes.com/adminox/layouts/form-picker.html]
[coderthemes.com/adminox/layouts/form-select.html]
[coderthemes.com/adminox/layouts/form-range-slider.html]
[coderthemes.com/adminox/layouts/form-wizard.html]
[coderthemes.com/adminox/layouts/form-validation.html]
[coderthemes.com/adminox/layouts/form-fileuploads.html]
[coderthemes.com/adminox/layouts/form-editors.html]
[coderthemes.com/adminox/layouts/form-layouts.html]
[coderthemes.com/adminox/layouts/tables-basic.html]
[coderthemes.com/adminox/layouts/tables-datatable.html]
[coderthemes.com/adminox/layouts/tables-responsive.html]
[coderthemes.com/adminox/layouts/tables-foo-tables.html]
[coderthemes.com/adminox/layouts/tables-editable.html]
[coderthemes.com/adminox/layouts/maps-google.html]
[coderthemes.com/adminox/layouts/maps-vector.html]
[coderthemes.com/adminox/layouts/maps-leaflet.html]
[coderthemes.com/adminox/layouts/assets/images/flags/us.jpg]
[coderthemes.com/adminox/layouts/assets/images/flags/germany.jpg]
[coderthemes.com/adminox/layouts/assets/images/flags/italy.jpg]
[coderthemes.com/adminox/layouts/assets/images/flags/russia.jpg]
[coderthemes.com/adminox/layouts/assets/images/flags/spain.jpg]
[coderthemes.com/adminox/layouts/assets/images/users/avatar-1.jpg]
[coderthemes.com/adminox/layouts/assets/images/users/avatar-2.jpg]
[coderthemes.com/adminox/layouts/assets/images/users/avatar-3.jpg]
[coderthemes.com/adminox/layouts/assets/images/users/avatar-4.jpg]
[coderthemes.com/adminox/layouts/assets/images/users/avatar-5.jpg]
[coderthemes.com/adminox/layouts/assets/images/users/avatar-8.jpg]
[coderthemes.com/adminox/layouts/assets/js/vendor.min.js]
[coderthemes.com/adminox/layouts/assets/js/app.js]
[coderthemes.com/adminox/layouts/assets/vendor/d3/d3.min.js]
[coderthemes.com/adminox/layouts/assets/vendor/c3/c3.min.js]
[coderthemes.com/adminox/layouts/assets/js/pages/dashboard-sales.js]
[coderthemes.com/adminox/layouts/index.html]
[coderthemes.com/adminox/layouts/assets/vendor/echarts/echarts.min.js]
[coderthemes.com/adminox/layouts/assets/vendor/morris.js/morris.min.js]
[coderthemes.com/adminox/layouts/assets/vendor/raphael/raphael.min.js]
[coderthemes.com/adminox/layouts/assets/vendor/jquery-knob/jquery.knob.min.js]
[coderthemes.com/adminox/layouts/assets/vendor/jquery-sparkline/jquery.sparkline.min.js]
[coderthemes.com/adminox/layouts/assets/js/pages/dashboard-2.js]
[coderthemes.com/adminox/layouts/dashboard-2.html]
[coderthemes.com/adminox/layouts/layouts-horizontal.html]
[coderthemes.com/adminox/layouts/index-dark.html]
[coderthemes.com/adminox/layouts/index-rtl.html]
[coderthemes.com/adminox/layouts/index-rtl-dark.html]
[coderthemes.com/adminox/layouts/layouts-horizontal-dark.html]
[coderthemes.com/adminox/landing/images/favicon.ico]
[coderthemes.com/adminox/layouts/assets/css/app-rtl.min.css]
[coderthemes.com/adminox/landing/css/bootstrap.min.css]
[coderthemes.com/adminox/landing/css/font-awesome.min.css]
[coderthemes.com/adminox/landing/css/style.css]
[coderthemes.com/adminox/landing/images/logo.png]
[coderthemes.com/adminox/landing/images/stock1.jpg]
[coderthemes.com/adminox/landing/images/stock2.jpg]
[coderthemes.com/adminox/landing/images/stock3.jpg]
[coderthemes.com/adminox/landing/images/icons/Experiment.png]
[coderthemes.com/adminox/landing/images/icons/Bookmark.png]
[coderthemes.com/adminox/landing/images/icons/Stats.png]
[coderthemes.com/adminox/landing/images/icons/Image.png]
[coderthemes.com/adminox/landing/images/icons/Video.png]
[coderthemes.com/adminox/landing/images/icons/Camera.png]
[coderthemes.com/adminox/landing/images/screen-3.png]
[coderthemes.com/adminox/landing/images/clients/microsoft.png]
[coderthemes.com/adminox/landing/images/clients/google.png]
[coderthemes.com/adminox/landing/images/clients/instagram.png]
[coderthemes.com/adminox/landing/images/clients/converse.png]
[coderthemes.com/adminox/landing/js/jquery.min.js]
[coderthemes.com/adminox/landing/js/bootstrap.bundle.min.js]
[coderthemes.com/adminox/landing/js/jquery.easing.min.js]
[coderthemes.com/adminox/landing/js/SmoothScroll.js]
[coderthemes.com/adminox/landing/js/app.js]
[coderthemes.com/adminox/landing/index.html]
[coderthemes.com/adminox/layouts/layouts-compact.html]
[coderthemes.com/adminox/layouts/layouts-hover.html]
[coderthemes.com/adminox/layouts/layouts-icon-view.html]
[coderthemes.com/adminox/layouts/layouts-full.html]
[coderthemes.com/adminox/layouts/layouts-fullscreen.html]
[coderthemes.com/adminox/layouts/layouts-boxed.html]
[coderthemes.com/adminox/layouts/layouts-horizontal-boxed.html]
[coderthemes.com/adminox/assets/images/plugins/multiple-arrow.html]
[coderthemes.com/assets/images/dr-profile/dr-bg.html]
[coderthemes.com/adminox/assets/images/small/small-3.html]
[coderthemes.com/adminox/assets/images/banner-1.html]
[coderthemes.com/adminox/assets/images/plugins/jstree.html]
[coderthemes.com/adminox/assets/images/plugins/loading.html]
[coderthemes.com/adminox/assets/fonts/dropify.html]
[coderthemes.com/adminox/assets/fonts/dropify-2.html]
[coderthemes.com/adminox/assets/fonts/dropify-3.html]
[coderthemes.com/adminox/assets/fonts/dropify-4.html]
[coderthemes.com/adminox/layouts/assets/vendor/c3/c3.min.css]
[coderthemes.com/adminox/layouts/assets/css/vendor.min.css]
[coderthemes.com/adminox/layouts/assets/images/plugins/jstree.png]
[coderthemes.com/adminox/layouts/assets/images/plugins/loading.gif]
[coderthemes.com/adminox/layouts/assets/images/plugins/ajax-loader.gif]
[coderthemes.com/adminox/layouts/assets/images/plugins/close.png]
[coderthemes.com/adminox/layouts/assets/images/plugins/next.png]
[coderthemes.com/adminox/layouts/assets/images/plugins/prev.png]
[coderthemes.com/adminox/layouts/assets/css/app.min.css]
[coderthemes.com/adminox/layouts/assets/fonts/materialdesignicons-webfont6937.eot]
[coderthemes.com/adminox/layouts/assets/fonts/materialdesignicons-webfontd41d.eot]
[coderthemes.com/adminox/layouts/assets/fonts/materialdesignicons-webfont6937.woff2]
[coderthemes.com/adminox/layouts/assets/fonts/materialdesignicons-webfont6937.woff]
[coderthemes.com/adminox/layouts/assets/fonts/materialdesignicons-webfont6937.ttf]
[coderthemes.com/adminox/layouts/assets/fonts/fa-brands-400.woff2]
[coderthemes.com/adminox/layouts/assets/fonts/fa-brands-400.ttf]
[coderthemes.com/adminox/layouts/assets/fonts/fa-regular-400.woff2]
[coderthemes.com/adminox/layouts/assets/fonts/fa-regular-400.ttf]
[coderthemes.com/adminox/layouts/assets/fonts/fa-solid-900.woff2]
[coderthemes.com/adminox/layouts/assets/fonts/fa-solid-900.ttf]
[coderthemes.com/adminox/layouts/assets/fonts/fa-v4compatibility.woff2]
[coderthemes.com/adminox/layouts/assets/fonts/fa-v4compatibility.ttf]
[coderthemes.com/adminox/layouts/assets/fonts/Simple-Line-Iconsb26c.eot]
[coderthemes.com/adminox/layouts/assets/fonts/Simple-Line-Iconsb26c.woff2]
[coderthemes.com/adminox/layouts/assets/fonts/Simple-Line-Iconsb26c.ttf]
[coderthemes.com/adminox/layouts/assets/fonts/Simple-Line-Iconsb26c.woff]
[coderthemes.com/adminox/layouts/assets/fonts/tabler-icons3026.woff2]
[coderthemes.com/adminox/layouts/assets/fonts/tabler-iconsd41d.woff]
[coderthemes.com/adminox/layouts/assets/fonts/tabler-icons3026.ttf]
[coderthemes.com/adminox/layouts/assets/css/icons.min.css]
[coderthemes.com/adminox/layouts/assets/vendor/fullcalendar/index.global.min.js]
[coderthemes.com/adminox/layouts/assets/js/pages/apps-calendar.js]
[coderthemes.com/adminox/layouts/apps-calendar.html]
[coderthemes.com/adminox/layouts/email-inbox.html]
[coderthemes.com/adminox/layouts/assets/vendor/summernote/summernote-bs4.min.css]
[coderthemes.com/adminox/layouts/assets/images/attached-files/img-1.jpg]
[coderthemes.com/adminox/layouts/assets/images/attached-files/img-2.jpg]
[coderthemes.com/adminox/layouts/assets/images/attached-files/img-3.png]
[coderthemes.com/adminox/layouts/assets/images/users/avatar-7.jpg]
[coderthemes.com/adminox/layouts/assets/js/pages/email-read.js]
[coderthemes.com/adminox/layouts/email-read.html]
[coderthemes.com/adminox/layouts/assets/vendor/summernote/summernote-bs4.min.js]
[coderthemes.com/adminox/layouts/assets/js/pages/email-compose.js]
[coderthemes.com/adminox/layouts/email-compose.html]
[coderthemes.com/adminox/layouts/assets/vendor/datatables.net-bs5/css/dataTables.bootstrap5.min.css]
[coderthemes.com/adminox/layouts/assets/vendor/datatables.net-responsive-bs5/css/responsive.bootstrap5.min.css]
[coderthemes.com/adminox/layouts/assets/images/users/avatar-10.jpg]
[coderthemes.com/adminox/layouts/assets/images/users/avatar-9.jpg]
[coderthemes.com/adminox/layouts/assets/vendor/datatables.net-bs5/js/dataTables.bootstrap5.min.js]
[coderthemes.com/adminox/layouts/assets/vendor/datatables.net/js/dataTables.min.js]
[coderthemes.com/adminox/layouts/assets/vendor/datatables.net-responsive/js/dataTables.responsive.min.js]
[coderthemes.com/adminox/layouts/assets/js/pages/tickets.js]
[coderthemes.com/adminox/layouts/tickets.html]
[coderthemes.com/adminox/layouts/assets/vendor/@adactive/bootstrap-tagsinput/bootstrap-tagsinput.css]
[coderthemes.com/adminox/layouts/assets/vendor/@adactive/bootstrap-tagsinput/bootstrap-tagsinput.min.js]
[coderthemes.com/adminox/layouts/assets/js/pages/taskboard.js]
[coderthemes.com/adminox/layouts/taskboard.html]
[coderthemes.com/adminox/layouts/assets/vendor/sweetalert2/sweetalert2.min.css]
[coderthemes.com/adminox/layouts/assets/vendor/jquery-ui/jquery-ui.min.js]
[coderthemes.com/adminox/layouts/assets/vendor/moment/min/moment.min.js]
[coderthemes.com/adminox/layouts/assets/vendor/sweetalert2/sweetalert2.min.js]
[coderthemes.com/adminox/layouts/assets/js/pages/jquery.todo.js]
[coderthemes.com/adminox/layouts/todo.html]
[coderthemes.com/adminox/layouts/auth-login.html]
[coderthemes.com/adminox/layouts/auth-register.html]
[coderthemes.com/adminox/layouts/auth-recoverpw.html]
[coderthemes.com/adminox/layouts/auth-lock-screen.html]
[coderthemes.com/adminox/layouts/auth-confirm-mail.html]
[coderthemes.com/adminox/layouts/pages-starter.html]
[coderthemes.com/adminox/layouts/pages-about.html]
[coderthemes.com/adminox/layouts/pages-contact.html]
[coderthemes.com/adminox/layouts/assets/images/companies/airbnb.png]
[coderthemes.com/adminox/layouts/assets/images/companies/apple.png]
[coderthemes.com/adminox/layouts/assets/images/companies/google.png]
[coderthemes.com/adminox/layouts/assets/images/companies/amazon.png]
[coderthemes.com/adminox/layouts/assets/images/companies/facebook.png]
[coderthemes.com/adminox/layouts/assets/images/companies/intel.png]
[coderthemes.com/adminox/layouts/assets/images/companies/cisco.jpg]
[coderthemes.com/adminox/layouts/assets/images/companies/yahoo.png]
[coderthemes.com/adminox/layouts/assets/js/pages/companies.js]
[coderthemes.com/adminox/layouts/pages-companies.html]
[coderthemes.com/adminox/layouts/assets/vendor/custombox/custombox.min.css]
[coderthemes.com/adminox/layouts/assets/images/users/avatar-6.jpg]
[coderthemes.com/adminox/layouts/assets/vendor/custombox/custombox.min.js]
[coderthemes.com/adminox/layouts/pages-members.html]
[coderthemes.com/adminox/layouts/pages-members-2.html]
[coderthemes.com/adminox/layouts/assets/images/small/img-1.jpg]
[coderthemes.com/adminox/layouts/assets/images/small/img-2.jpg]
[coderthemes.com/adminox/layouts/assets/images/small/img-3.jpg]
[coderthemes.com/adminox/layouts/pages-timeline.html]
[coderthemes.com/adminox/layouts/pages-invoice.html]
[coderthemes.com/adminox/layouts/pages-pricing.html]
[coderthemes.com/adminox/layouts/assets/images/faq_icons/shield-1.png]
[coderthemes.com/adminox/layouts/assets/images/faq_icons/envelope.png]
[coderthemes.com/adminox/layouts/assets/images/faq_icons/edit.png]
[coderthemes.com/adminox/layouts/assets/images/faq_icons/files.png]
[coderthemes.com/adminox/layouts/assets/images/faq_icons/open-book-1.png]
[coderthemes.com/adminox/layouts/assets/images/faq_icons/tag.png]
[coderthemes.com/adminox/layouts/pages-faq.html]
[coderthemes.com/adminox/layouts/assets/images/bg-profile.jpg]
[coderthemes.com/adminox/layouts/assets/js/pages/profile.js]
[coderthemes.com/adminox/layouts/pages-profile.html]
[coderthemes.com/adminox/layouts/assets/images/email/1.png]
[coderthemes.com/adminox/layouts/assets/images/email/2.png]
[coderthemes.com/adminox/layouts/assets/images/email/3.png]
[coderthemes.com/adminox/layouts/pages-email-template.html]
[coderthemes.com/adminox/layouts/assets/images/small/img-4.jpg]
[coderthemes.com/adminox/layouts/pages-search-result.html]
[coderthemes.com/adminox/layouts/pages-sitemap.html]
[coderthemes.com/adminox/layouts/pages-maintenance.html]
[coderthemes.com/adminox/layouts/assets/js/pages/coming-soon.js]
[coderthemes.com/adminox/layouts/pages-coming-soon.html]
[coderthemes.com/adminox/layouts/error-404-alt.html]
[coderthemes.com/adminox/layouts/error-404.html]
[coderthemes.com/adminox/layouts/error-500.html]
[coderthemes.com/adminox/layouts/ui-accordions.html]
[coderthemes.com/adminox/layouts/ui-alerts.html]
[coderthemes.com/adminox/layouts/ui-avatars.html]
[coderthemes.com/adminox/layouts/ui-badges.html]
[coderthemes.com/adminox/layouts/ui-breadcrumb.html]
[coderthemes.com/adminox/layouts/ui-buttons.html]
[coderthemes.com/adminox/layouts/assets/images/small/img-5.jpg]
[coderthemes.com/adminox/layouts/assets/images/small/img-6.jpg]
[coderthemes.com/adminox/layouts/ui-cards.html]
[coderthemes.com/adminox/layouts/ui-carousel.html]
[coderthemes.com/adminox/layouts/ui-collapse.html]
[coderthemes.com/adminox/layouts/ui-checkbox-radio.html]
[coderthemes.com/adminox/layouts/ui-dropdowns.html]
[coderthemes.com/adminox/layouts/ui-grid.html]
[coderthemes.com/adminox/layouts/ui-links.html]
[coderthemes.com/adminox/layouts/ui-list-group.html]
[coderthemes.com/adminox/layouts/ui-modals.html]
[coderthemes.com/adminox/layouts/assets/vendor/jquery-toast-plugin/jquery.toast.min.css]
[coderthemes.com/adminox/layouts/assets/vendor/jquery-toast-plugin/jquery.toast.min.js]
[coderthemes.com/adminox/layouts/assets/js/pages/toastr.js]
[coderthemes.com/adminox/layouts/ui-notifications.html]
[coderthemes.com/adminox/layouts/ui-offcanvas.html]
[coderthemes.com/adminox/layouts/ui-placeholders.html]
[coderthemes.com/adminox/layouts/ui-pagination.html]
[coderthemes.com/adminox/layouts/ui-popovers.html]
[coderthemes.com/adminox/layouts/ui-progress.html]
[coderthemes.com/adminox/layouts/ui-portlets.html]
[coderthemes.com/adminox/layouts/ui-ratios.html]
[coderthemes.com/adminox/layouts/ui-scrollspy.html]
[coderthemes.com/adminox/layouts/assets/vendor/spinkit/css/spinkit.css]
[coderthemes.com/adminox/layouts/ui-spinners.html]
[coderthemes.com/adminox/layouts/ui-ribbons.html]
[coderthemes.com/adminox/layouts/ui-tabs.html]
[coderthemes.com/adminox/layouts/ui-tooltips.html]
[coderthemes.com/adminox/layouts/ui-typography.html]
[coderthemes.com/adminox/layouts/ui-utilities.html]
[coderthemes.com/adminox/layouts/assets/vendor/dragula/dragula.min.js]
[coderthemes.com/adminox/layouts/assets/js/pages/extended-dragula.js]
[coderthemes.com/adminox/layouts/extended-dragula.html]
[coderthemes.com/adminox/layouts/assets/js/pages/extended-sweetalerts.js]
[coderthemes.com/adminox/layouts/extended-sweetalerts.html]
[coderthemes.com/adminox/layouts/extended-tiles.html]
[coderthemes.com/adminox/layouts/assets/vendor/nestable2/jquery.nestable.min.css]
[coderthemes.com/adminox/layouts/assets/vendor/nestable2/jquery.nestable.min.js]
[coderthemes.com/adminox/layouts/assets/js/pages/nestable.js]
[coderthemes.com/adminox/layouts/extended-nestable.html]
[coderthemes.com/adminox/layouts/extended-filemanager.html]
[coderthemes.com/adminox/layouts/assets/vendor/ion-rangeslider/css/ion.rangeSlider.min.css]
[coderthemes.com/adminox/layouts/assets/vendor/ion-rangeslider/js/ion.rangeSlider.min.js]
[coderthemes.com/adminox/layouts/assets/js/pages/range-sliders.js]
[coderthemes.com/adminox/layouts/extended-range-sliders.html]
[coderthemes.com/adminox/layouts/assets/vendor/admin-resources/ratings/jquery.raty-fa.js]
[coderthemes.com/adminox/layouts/assets/js/pages/extended-rating.js]
[coderthemes.com/adminox/layouts/extended-ratings.html]
[coderthemes.com/adminox/layouts/assets/vendor/lightbox2/css/lightbox.min.css]
[coderthemes.com/adminox/layouts/assets/images/small/img-7.jpg]
[coderthemes.com/adminox/layouts/assets/vendor/lightbox2/js/lightbox.min.js]
[coderthemes.com/adminox/layouts/extended-lightbox.html]
[coderthemes.com/adminox/layouts/assets/vendor/slick-slider/slick/slick.css]
[coderthemes.com/adminox/layouts/assets/vendor/slick-slider/slick/slick-theme.css]
[coderthemes.com/adminox/layouts/assets/images/big/img-2.jpg]
[coderthemes.com/adminox/layouts/assets/images/big/img-1.jpg]
[coderthemes.com/adminox/layouts/assets/images/big/img-3.jpg]
[coderthemes.com/adminox/layouts/assets/vendor/slick-slider/slick/slick.min.js]
[coderthemes.com/adminox/layouts/assets/js/pages/slick-slider.js]
[coderthemes.com/adminox/layouts/extended-slider.html]
[coderthemes.com/adminox/layouts/extended-scrollbar.html]
[coderthemes.com/adminox/layouts/assets/vendor/toastr/build/toastr.min.css]
[coderthemes.com/adminox/layouts/assets/vendor/toastr/build/toastr.min.js]
[coderthemes.com/adminox/layouts/extended-tost.html]
[coderthemes.com/adminox/layouts/assets/vendor/hopscotch/css/hopscotch.min.css]
[coderthemes.com/adminox/layouts/assets/vendor/hopscotch/js/hopscotch.min.js]
[coderthemes.com/adminox/layouts/assets/js/pages/extended-tour.js]
[coderthemes.com/adminox/layouts/extended-tour.html]
[coderthemes.com/adminox/layouts/assets/vendor/jstree/themes/default/style.min.css]
[coderthemes.com/adminox/layouts/assets/vendor/jstree/jstree.min.js]
[coderthemes.com/adminox/layouts/assets/js/pages/treeview.js]
[coderthemes.com/adminox/layouts/extended-treeview.html]
[coderthemes.com/adminox/layouts/icons-materialdesign.html]
[coderthemes.com/adminox/layouts/icons-fontawesome.html]
[coderthemes.com/adminox/layouts/icons-simple-line.html]
[coderthemes.com/adminox/layouts/icons-tabler.html]
[coderthemes.com/adminox/layouts/icons-lucide.html]
[coderthemes.com/adminox/layouts/icons-iconify.html]
[coderthemes.com/adminox/layouts/assets/vendor/flot-charts/jquery.flot.js]
[coderthemes.com/adminox/layouts/assets/vendor/flot-charts/jquery.flot.time.js]
[coderthemes.com/adminox/layouts/assets/vendor/jquery.flot.tooltip/js/jquery.flot.tooltip.min.js]
[coderthemes.com/adminox/layouts/assets/vendor/flot-charts/jquery.flot.resize.js]
[coderthemes.com/adminox/layouts/assets/vendor/flot-charts/jquery.flot.pie.js]
[coderthemes.com/adminox/layouts/assets/vendor/flot-charts/jquery.flot.selection.js]
[coderthemes.com/adminox/layouts/assets/vendor/flot-charts/jquery.flot.stack.js]
[coderthemes.com/adminox/layouts/assets/vendor/flot-orderbars/js/jquery.flot.orderBars.js]
[coderthemes.com/adminox/layouts/assets/vendor/flot-axislabels/jquery.flot.axislabels.js]
[coderthemes.com/adminox/layouts/assets/vendor/flot-charts/jquery.flot.crosshair.js]
[coderthemes.com/adminox/layouts/assets/js/pages/flot.js]
[coderthemes.com/adminox/layouts/charts-flot.html]
[coderthemes.com/adminox/layouts/assets/js/pages/morris.js]
[coderthemes.com/adminox/layouts/charts-morris.html]
[coderthemes.com/adminox/layouts/assets/js/pages/google-charts.js]
[coderthemes.com/adminox/layouts/charts-google.html]
[coderthemes.com/adminox/layouts/assets/js/pages/echart.js]
[coderthemes.com/adminox/layouts/charts-echart.html]
[coderthemes.com/adminox/layouts/assets/vendor/chart.js/Chart.bundle.min.js]
[coderthemes.com/adminox/layouts/assets/js/pages/chartjs.js]
[coderthemes.com/adminox/layouts/charts-chartjs.html]
[coderthemes.com/adminox/layouts/assets/vendor/peity/jquery.peity.min.js]
[coderthemes.com/adminox/layouts/assets/js/pages/peity.js]
[coderthemes.com/adminox/layouts/charts-peity.html]
[coderthemes.com/adminox/layouts/assets/vendor/chartist/chartist.min.css]
[coderthemes.com/adminox/layouts/assets/vendor/chartist/chartist.min.js]
[coderthemes.com/adminox/layouts/assets/vendor/chartist-plugin-tooltips/chartist-plugin-tooltip.min.js]
[coderthemes.com/adminox/layouts/assets/js/pages/chartist.js]
[coderthemes.com/adminox/layouts/charts-chartist.html]
[coderthemes.com/adminox/layouts/assets/js/pages/c3.js]
[coderthemes.com/adminox/layouts/charts-c3.html]
[coderthemes.com/adminox/layouts/assets/js/pages/sparkline.js]
[coderthemes.com/adminox/layouts/charts-sparkline.html]
[coderthemes.com/adminox/layouts/charts-knob.html]
[coderthemes.com/adminox/layouts/form-elements.html]
[coderthemes.com/adminox/layouts/assets/vendor/mohithg-switchery/switchery.min.css]
[coderthemes.com/adminox/layouts/assets/vendor/multiselect/css/multi-select.css]
[coderthemes.com/adminox/layouts/assets/vendor/select2/css/select2.min.css]
[coderthemes.com/adminox/layouts/assets/vendor/bootstrap-touchspin/jquery.bootstrap-touchspin.min.css]
[coderthemes.com/adminox/layouts/assets/vendor/mohithg-switchery/switchery.min.js]
[coderthemes.com/adminox/layouts/assets/vendor/multiselect/js/jquery.multi-select.js]
[coderthemes.com/adminox/layouts/assets/vendor/select2/js/select2.min.js]
[coderthemes.com/adminox/layouts/assets/vendor/jquery-mockjax/jquery.mockjax.min.js]
[coderthemes.com/adminox/layouts/assets/vendor/devbridge-autocomplete/jquery.autocomplete.min.js]
[coderthemes.com/adminox/layouts/assets/vendor/bootstrap-maxlength/bootstrap-maxlength.min.js]
[coderthemes.com/adminox/layouts/assets/vendor/bootstrap-touchspin/jquery.bootstrap-touchspin.min.js]
[coderthemes.com/adminox/layouts/assets/js/pages/form-advanced.js]
[coderthemes.com/adminox/layouts/form-advanced.html]
[coderthemes.com/adminox/layouts/assets/vendor/jquery-mask-plugin/jquery.mask.min.js]
[coderthemes.com/adminox/layouts/assets/vendor/autonumeric/autoNumeric.min.js]
[coderthemes.com/adminox/layouts/assets/js/pages/form-masks.js]
[coderthemes.com/adminox/layouts/form-masks.html]
[coderthemes.com/adminox/layouts/form-picker.html]
[coderthemes.com/adminox/layouts/form-select.html]
[coderthemes.com/adminox/layouts/assets/vendor/nouislider/nouislider.min.css]
[coderthemes.com/adminox/layouts/assets/vendor/nouislider/nouislider.min.js]
[coderthemes.com/adminox/layouts/assets/vendor/wnumb/wNumb.min.js]
[coderthemes.com/adminox/layouts/assets/js/pages/extended-range-slider.js]
[coderthemes.com/adminox/layouts/form-range-slider.html]
[coderthemes.com/adminox/layouts/assets/vendor/parsleyjs/parsley.min.js]
[coderthemes.com/adminox/layouts/assets/js/pages/form-validation.js]
[coderthemes.com/adminox/layouts/form-validation.html]
[coderthemes.com/adminox/layouts/assets/vendor/jquery-steps/build/jquery.steps.min.js]
[coderthemes.com/adminox/layouts/assets/vendor/jquery-validation/jquery.validate.min.js]
[coderthemes.com/adminox/layouts/assets/js/pages/form-wizard.js]
[coderthemes.com/adminox/layouts/form-wizard.html]
[coderthemes.com/adminox/layouts/assets/vendor/dropify/css/dropify.min.css]
[coderthemes.com/adminox/layouts/assets/vendor/dropify/js/dropify.min.js]
[coderthemes.com/adminox/layouts/assets/js/pages/form-fileupload.js]
[coderthemes.com/adminox/layouts/form-fileuploads.html]
[coderthemes.com/adminox/layouts/assets/vendor/quill/quill.core.css]
[coderthemes.com/adminox/layouts/assets/vendor/quill/quill.snow.css]
[coderthemes.com/adminox/layouts/assets/vendor/quill/quill.bubble.css]
[coderthemes.com/adminox/layouts/assets/vendor/x-editable/bootstrap-editable/css/bootstrap-editable.css]
[coderthemes.com/adminox/layouts/assets/vendor/quill/quill.min.js]
[coderthemes.com/adminox/layouts/assets/js/pages/form-editor.js]
[coderthemes.com/adminox/layouts/form-editors.html]
[coderthemes.com/adminox/layouts/form-layouts.html]
[coderthemes.com/adminox/layouts/assets/vendor/x-editable/bootstrap-editable/js/bootstrap-editable.min.js]
[coderthemes.com/adminox/layouts/tables-basic.html]
[coderthemes.com/adminox/layouts/assets/vendor/datatables.net-buttons-bs5/css/buttons.bootstrap5.min.css]
[coderthemes.com/adminox/layouts/assets/vendor/datatables.net-select-bs5/css/select.bootstrap5.min.css]
[coderthemes.com/adminox/layouts/assets/vendor/datatables.net-responsive-bs5/js/responsive.bootstrap5.min.js]
[coderthemes.com/adminox/layouts/assets/vendor/datatables.net-buttons/js/dataTables.buttons.min.js]
[coderthemes.com/adminox/layouts/assets/vendor/datatables.net-buttons-bs5/js/buttons.bootstrap5.min.js]
[coderthemes.com/adminox/layouts/assets/vendor/datatables.net-buttons/js/buttons.html5.min.js]
[coderthemes.com/adminox/layouts/assets/vendor/datatables.net-buttons/js/buttons.print.min.js]
[coderthemes.com/adminox/layouts/assets/vendor/datatables.net-keytable/js/dataTables.keyTable.min.js]
[coderthemes.com/adminox/layouts/assets/vendor/datatables.net-select/js/dataTables.select.min.js]
[coderthemes.com/adminox/layouts/assets/js/pages/table-gridjs.js]
[coderthemes.com/adminox/layouts/tables-datatable.html]
[coderthemes.com/adminox/layouts/assets/vendor/RWD-Table-Patterns/css/rwd-table.min.css]
[coderthemes.com/adminox/layouts/assets/vendor/RWD-Table-Patterns/js/rwd-table.min.js]
[coderthemes.com/adminox/layouts/assets/js/pages/responsive-table.js]
[coderthemes.com/adminox/layouts/tables-responsive.html]
[coderthemes.com/adminox/layouts/assets/vendor/footable/footable.all.min.js]
[coderthemes.com/adminox/layouts/assets/js/pages/foo-tables.js]
[coderthemes.com/adminox/layouts/tables-foo-tables.html]
[coderthemes.com/adminox/layouts/assets/vendor/jquery-tabledit/jquery.tabledit.min.js]
[coderthemes.com/adminox/layouts/assets/js/pages/tabledit.js]
[coderthemes.com/adminox/layouts/tables-editable.html]
[coderthemes.com/adminox/layouts/assets/vendor/gmaps/gmaps.min.js]
[coderthemes.com/adminox/layouts/assets/js/pages/maps-google.js]
[coderthemes.com/adminox/layouts/maps-google.html]
[coderthemes.com/adminox/layouts/assets/vendor/jsvectormap/jsvectormap.min.css]
[coderthemes.com/adminox/layouts/assets/vendor/jsvectormap/jsvectormap.min.js]
[coderthemes.com/adminox/layouts/assets/vendor/jsvectormap/maps/world-merc.js]
[coderthemes.com/adminox/layouts/assets/vendor/jsvectormap/maps/world.js]
[coderthemes.com/adminox/layouts/assets/js/maps/in-mill-en.js]
[coderthemes.com/adminox/layouts/assets/js/maps/canada.js]
[coderthemes.com/adminox/layouts/assets/js/maps/iraq.js]
[coderthemes.com/adminox/layouts/assets/js/maps/russia.js]
[coderthemes.com/adminox/layouts/assets/js/maps/spain.js]
[coderthemes.com/adminox/layouts/assets/js/maps/us-aea-en.js]
[coderthemes.com/adminox/layouts/assets/js/maps/us-lcc-en.js]
[coderthemes.com/adminox/layouts/assets/js/maps/us-mill-en.js]
[coderthemes.com/adminox/layouts/assets/js/pages/maps-vector.js]
[coderthemes.com/adminox/layouts/maps-vector.html]
[coderthemes.com/adminox/layouts/assets/vendor/leaflet/leaflet.css]
[coderthemes.com/adminox/layouts/assets/vendor/leaflet/leaflet.js]
[coderthemes.com/adminox/layouts/assets/js/maps/leaflet-data.js]
[coderthemes.com/adminox/layouts/assets/js/pages/maps-leaflet.js]
[coderthemes.com/adminox/layouts/maps-leaflet.html]
[coderthemes.com/adminox/layouts/apps-ecommerce-products.html]
[coderthemes.com/adminox/layouts/apps-hospital-doctors.html]
[coderthemes.com/adminox/layouts/apps-email.html]
[coderthemes.com/adminox/layouts/apps-kanban.html]
[coderthemes.com/adminox/layouts/apps-invoices.html]
[coderthemes.com/adminox/layouts/extended-range-slider.html]
[coderthemes.com/adminox/layouts/assets/css/app-rtl.min.css]
[coderthemes.com/adminox/landing/css/bootstrap.min.css]
[coderthemes.com/adminox/landing/fonts/fontawesome-webfont3e6e.eot]
[coderthemes.com/adminox/landing/fonts/fontawesome-webfontd41d.eot]
[coderthemes.com/adminox/landing/fonts/fontawesome-webfont3e6e.woff2]
[coderthemes.com/adminox/landing/fonts/fontawesome-webfont3e6e.woff]
[coderthemes.com/adminox/landing/fonts/fontawesome-webfont3e6e.ttf]
[coderthemes.com/adminox/landing/css/font-awesome.min.css]
[coderthemes.com/adminox/landing/images/mac.png]
[coderthemes.com/adminox/landing/css/style.css]
[coderthemes.com/adminox/layouts/assets/images/plugins/multiple-arrow.html]
[coderthemes.com/adminox/layouts/assets/images/small/small-3.html]
[coderthemes.com/adminox/layouts/assets/images/banner-1.html]
[coderthemes.com/adminox/layouts/assets/fonts/footable.html]
[coderthemes.com/adminox/layouts/assets/fonts/footabled41d.html]
[coderthemes.com/adminox/layouts/assets/fonts/footable-2.html]
[coderthemes.com/adminox/layouts/assets/fonts/footable-3.html]
[coderthemes.com/adminox/layouts/assets/fonts/footable-4.html]
[coderthemes.com/adminox/layouts/assets/fonts/dropify.html]
[coderthemes.com/adminox/layouts/assets/fonts/dropify-2.html]
[coderthemes.com/adminox/layouts/assets/fonts/dropify-3.html]
[coderthemes.com/adminox/layouts/assets/fonts/dropify-4.html]
[coderthemes.com/adminox/layouts/assets/fonts/Simple-Line-Iconsb26c.svg]
[coderthemes.com/adminox/layouts/assets/vendor/summernote/font/summernoted41d.eot]
[coderthemes.com/adminox/layouts/assets/vendor/summernote/font/summernote.woff2]
[coderthemes.com/adminox/layouts/assets/vendor/summernote/font/summernote.woff]
[coderthemes.com/adminox/layouts/assets/vendor/summernote/font/summernote.ttf]
[coderthemes.com/adminox/layouts/assets/vendor/summernote/summernote-bs4.min.css]
[coderthemes.com/adminox/layouts/assets/vendor/datatables.net-bs5/css/dataTables.bootstrap5.min.css]
[coderthemes.com/adminox/layouts/assets/vendor/datatables.net-responsive-bs5/css/responsive.bootstrap5.min.css]
[coderthemes.com/adminox/layouts/assets/vendor/@adactive/bootstrap-tagsinput/bootstrap-tagsinput.css]
[coderthemes.com/adminox/layouts/assets/vendor/sweetalert2/sweetalert2.min.css]
[coderthemes.com/adminox/layouts/page-recoverpw.html]
[coderthemes.com/adminox/layouts/page-register.html]
[coderthemes.com/adminox/layouts/page-login.html]
[coderthemes.com/adminox/layouts/assets/vendor/custombox/custombox.min.css]
[coderthemes.com/adminox/layouts/assets/vendor/custombox/custombox.html]
[coderthemes.com/adminox/layouts/email-templates-action.html]
[coderthemes.com/adminox/layouts/email-templates-alert.html]
[coderthemes.com/adminox/layouts/email-templates-billing.html]
[coderthemes.com/adminox/layouts/assets/vendor/jquery-toast-plugin/jquery.toast.min.css]
[coderthemes.com/adminox/layouts/assets/vendor/spinkit/css/spinkit.css]
[coderthemes.com/adminox/layouts/assets/images/icons/clock.svg]
[coderthemes.com/adminox/layouts/assets/images/icons/advertising.svg]
[coderthemes.com/adminox/layouts/assets/images/icons/paid.svg]
[coderthemes.com/adminox/layouts/assets/images/icons/timeline.svg]
[coderthemes.com/adminox/layouts/assets/vendor/nestable2/jquery.nestable.min.css]
[coderthemes.com/adminox/layouts/assets/images/file_icons/pdf.svg]
[coderthemes.com/adminox/layouts/assets/images/file_icons/bmp.svg]
[coderthemes.com/adminox/layouts/assets/images/file_icons/psd.svg]
[coderthemes.com/adminox/layouts/assets/images/file_icons/avi.svg]
[coderthemes.com/adminox/layouts/assets/images/file_icons/cad.svg]
[coderthemes.com/adminox/layouts/assets/images/file_icons/txt.svg]
[coderthemes.com/adminox/layouts/assets/images/file_icons/eps.svg]
[coderthemes.com/adminox/layouts/assets/images/file_icons/dll.svg]
[coderthemes.com/adminox/layouts/assets/images/file_icons/sql.svg]
[coderthemes.com/adminox/layouts/assets/images/file_icons/zip.svg]
[coderthemes.com/adminox/layouts/assets/images/file_icons/ps.svg]
[coderthemes.com/adminox/layouts/assets/images/file_icons/png.svg]
[coderthemes.com/adminox/layouts/assets/vendor/ion-rangeslider/css/ion.rangeSlider.min.css]
[coderthemes.com/adminox/layouts/assets/vendor/lightbox2/images/loading.gif]
[coderthemes.com/adminox/layouts/assets/vendor/lightbox2/css/lightbox.min.css]
[coderthemes.com/adminox/layouts/assets/vendor/slick-slider/slick/slick.css]
[coderthemes.com/adminox/layouts/assets/vendor/slick-slider/slick/ajax-loader.gif]
[coderthemes.com/adminox/layouts/assets/vendor/slick-slider/slick/fonts/slick.eot]
[coderthemes.com/adminox/layouts/assets/vendor/slick-slider/slick/fonts/slickd41d.eot]
[coderthemes.com/adminox/layouts/assets/vendor/slick-slider/slick/fonts/slick.woff]
[coderthemes.com/adminox/layouts/assets/vendor/slick-slider/slick/fonts/slick.ttf]
[coderthemes.com/adminox/layouts/assets/vendor/slick-slider/slick/slick-theme.css]
[coderthemes.com/adminox/layouts/assets/vendor/toastr/build/toastr.min.css]
[coderthemes.com/adminox/layouts/assets/vendor/hopscotch/img/sprite-green.png]
[coderthemes.com/adminox/layouts/assets/vendor/hopscotch/css/hopscotch.min.css]
[coderthemes.com/adminox/layouts/assets/vendor/jstree/themes/default/32px.png]
[coderthemes.com/adminox/layouts/assets/vendor/jstree/themes/default/throbber.gif]
[coderthemes.com/adminox/layouts/assets/vendor/jstree/themes/default/40px.png]
[coderthemes.com/adminox/layouts/assets/vendor/jstree/themes/default/style.min.css]
[coderthemes.com/adminox/layouts/assets/vendor/chartist/chartist.min.css]
[coderthemes.com/adminox/layouts/assets/vendor/mohithg-switchery/switchery.min.css]
[coderthemes.com/adminox/layouts/assets/vendor/multiselect/img/switch.png]
[coderthemes.com/adminox/layouts/assets/vendor/multiselect/css/multi-select.css]
[coderthemes.com/adminox/layouts/assets/vendor/select2/css/select2.min.css]
[coderthemes.com/adminox/layouts/assets/vendor/bootstrap-touchspin/jquery.bootstrap-touchspin.min.css]
[coderthemes.com/adminox/layouts/assets/vendor/jquery.quicksearch/jquery.quicksearch.min.html]
[coderthemes.com/adminox/layouts/assets/vendor/nouislider/nouislider.min.css]
[coderthemes.com/adminox/layouts/assets/vendor/dropify/fonts/dropify.eot]
[coderthemes.com/adminox/layouts/assets/vendor/dropify/fonts/dropify.woff]
[coderthemes.com/adminox/layouts/assets/vendor/dropify/fonts/dropify.ttf]
[coderthemes.com/adminox/layouts/assets/vendor/dropify/css/dropify.min.css]
[coderthemes.com/adminox/layouts/assets/vendor/quill/quill.core.css]
[coderthemes.com/adminox/layouts/assets/vendor/quill/quill.snow.css]
[coderthemes.com/adminox/layouts/assets/vendor/quill/quill.bubble.css]
[coderthemes.com/adminox/layouts/assets/vendor/x-editable/bootstrap-editable/img/loading.gif]
[coderthemes.com/adminox/layouts/assets/vendor/x-editable/bootstrap-editable/img/clear.png]
[coderthemes.com/adminox/layouts/assets/vendor/x-editable/bootstrap-editable/css/bootstrap-editable.css]
[coderthemes.com/adminox/layouts/assets/vendor/datatables.net-buttons-bs5/css/buttons.bootstrap5.min.css]
[coderthemes.com/adminox/layouts/assets/vendor/datatables.net-select-bs5/css/select.bootstrap5.min.css]
[coderthemes.com/adminox/layouts/assets/vendor/RWD-Table-Patterns/css/rwd-table.min.css]
[coderthemes.com/adminox/layouts/assets/vendor/jsvectormap/jsvectormap.min.css]
[coderthemes.com/adminox/layouts/assets/vendor/leaflet/images/layers.png]
[coderthemes.com/adminox/layouts/assets/vendor/leaflet/images/layers-2x.png]
[coderthemes.com/adminox/layouts/assets/vendor/leaflet/images/marker-icon.png]
[coderthemes.com/adminox/layouts/assets/vendor/leaflet/leaflet.css]
[coderthemes.com/adminox/landing/fonts/fontawesome-webfont3e6e.svg]
[coderthemes.com/adminox/layouts/assets/vendor/slick-slider/slick/fonts/slick.svg]
[coderthemes.com/adminox/layouts/assets/vendor/dropify/fonts/dropify.svg]
